2025-11-21 15:41:32 [INFO] None
2025-11-21 15:41:32 [INFO] host: ubuntu-32gb-nbg1-1
2025-11-21 15:41:32 [INFO] Building DAG of jobs...
2025-11-21 15:41:33 [WARNING] Your conda installation is not configured to use strict channel priorities. This is however important for having robust and correct environments (for details, see https://conda-forge.org/docs/user/tipsandtricks.html). Please consider to configure strict priorities by executing 'conda config --set channel_priority strict'.
2025-11-21 15:41:33 [INFO] Conda environment benchmark/envs/welch_ttest.yml will be created.
2025-11-21 15:41:33 [INFO] Job stats:
job                                    count
-----------------------------------  -------
all                                        1
data_semi_synthetic_dataset_default        1
methods_welch_ttest_default                1
total                                      3

2025-11-21 15:41:33 [INFO]  Rule: data_semi_synthetic_dataset_default, Jobid: 2
2025-11-21 15:41:33 [INFO] Shell command: None
2025-11-21 15:41:33 [INFO]  Rule: methods_welch_ttest_default, Jobid: 1
2025-11-21 15:41:33 [INFO] Shell command: None
2025-11-21 15:41:33 [INFO]  Rule: all, Jobid: 0
2025-11-21 15:41:33 [INFO] Shell command: None
2025-11-21 15:41:33 [INFO] Job stats:
job                                    count
-----------------------------------  -------
all                                        1
data_semi_synthetic_dataset_default        1
methods_welch_ttest_default                1
total                                      3

2025-11-21 15:41:33 [INFO] Reasons:
    (check individual jobs above for details)
    input files updated by another job:
        all, methods_welch_ttest_default
    output files have to be generated:
        data_semi_synthetic_dataset_default, methods_welch_ttest_default
    software environment definition has changed since last execution:
        data_semi_synthetic_dataset_default
2025-11-21 15:41:33 [INFO] Some jobs were triggered by provenance information, see 'reason' section in the rule displays above.
If you prefer that only modification time is used to determine whether a job shall be executed, use the command line option '--rerun-triggers mtime' (also see --help).
If you are sure that a change for a certain output file (say, <outfile>) won't change the result (e.g. because you just changed the formatting of a script or environment definition), you can also wipe its metadata to skip such a trigger via 'snakemake --cleanup-metadata <outfile>'. 
2025-11-21 15:41:33 [INFO] Rules with provenance triggered jobs: data_semi_synthetic_dataset_default

2025-11-21 15:41:33 [INFO] This was a dry-run (flag -n). The order of jobs does not reflect the order of execution.
2025-11-21 15:41:33 [INFO] Benchmark run has finished successfully.
2025-11-21 15:44:06 [INFO] Assuming unrestricted shared filesystem usage.
2025-11-21 15:44:06 [INFO] None
2025-11-21 15:44:06 [INFO] host: ubuntu-32gb-nbg1-1
2025-11-21 15:44:06 [INFO] Building DAG of jobs...
2025-11-21 15:44:07 [WARNING] Your conda installation is not configured to use strict channel priorities. This is however important for having robust and correct environments (for details, see https://conda-forge.org/docs/user/tipsandtricks.html). Please consider to configure strict priorities by executing 'conda config --set channel_priority strict'.
2025-11-21 15:44:07 [INFO] Creating conda environment benchmark/envs/welch_ttest.yml...
2025-11-21 15:44:07 [INFO] Downloading and installing remote packages.
2025-11-21 15:44:24 [INFO] Cleaning up conda package tarballs.
2025-11-21 15:44:24 [INFO] Environment for /home/lorenzo/project/benchmark/envs/welch_ttest.yml created (location: .snakemake/conda/4dc1b11a8b535aba5b2d652479113630_)
2025-11-21 15:44:24 [INFO] Using shell: /usr/bin/bash
2025-11-21 15:44:24 [INFO] Provided cores: 1 (use --cores to define parallelism)
2025-11-21 15:44:24 [INFO] Rules claiming more threads will be scaled down.
2025-11-21 15:44:24 [INFO] Job stats:
job                                    count
-----------------------------------  -------
all                                        1
data_semi_synthetic_dataset_default        1
methods_welch_ttest_default                1
total                                      3

2025-11-21 15:44:24 [INFO] Select jobs to execute...
2025-11-21 15:44:24 [INFO] Execute 1 jobs...
2025-11-21 15:44:24 [INFO]  Rule: data_semi_synthetic_dataset_default, Jobid: 2
2025-11-21 15:44:24 [INFO] Shell command: None
2025-11-21 15:44:24 [INFO] Activating conda environment: .snakemake/conda/4dc1b11a8b535aba5b2d652479113630_
2025-11-21 15:44:25 [INFO] Activating conda environment: .snakemake/conda/4dc1b11a8b535aba5b2d652479113630_
2025-11-21 15:44:26 [ERROR] RuleException:
CalledProcessError in file "/home/lorenzo/miniforge3/envs/omnibenchmark/lib/python3.12/site-packages/omnibenchmark/workflow/snakemake/rules/rule_node.smk", line 61:
Command 'source /home/lorenzo/miniforge3/bin/activate '/home/lorenzo/project/.snakemake/conda/4dc1b11a8b535aba5b2d652479113630_'; set -euo pipefail;  python /home/lorenzo/project/.snakemake/scripts/tmp66zouj71.run_module.py' returned non-zero exit status 1.
2025-11-21 15:44:26 [ERROR] Error in rule data_semi_synthetic_dataset_default, jobid: 2
2025-11-21 15:44:26 [INFO] Shutting down, this might take some time.
2025-11-21 15:44:26 [ERROR] Exiting because a job execution failed. Look below for error messages
2025-11-21 15:44:26 [ERROR] Error in rule data_semi_synthetic_dataset_default, jobid: 2
2025-11-21 15:44:26 [INFO] Complete log(s): /home/lorenzo/project/.snakemake/log/2025-11-21T154406.900904.snakemake.log
2025-11-21 15:44:26 [ERROR] WorkflowError:
At least one job did not complete successfully.
2025-11-21 15:44:26 [ERROR] Benchmark run has failed.
2025-11-21 15:46:08 [INFO] Assuming unrestricted shared filesystem usage.
2025-11-21 15:46:08 [INFO] None
2025-11-21 15:46:08 [INFO] host: ubuntu-32gb-nbg1-1
2025-11-21 15:46:08 [INFO] Building DAG of jobs...
2025-11-21 15:46:08 [WARNING] Your conda installation is not configured to use strict channel priorities. This is however important for having robust and correct environments (for details, see https://conda-forge.org/docs/user/tipsandtricks.html). Please consider to configure strict priorities by executing 'conda config --set channel_priority strict'.
2025-11-21 15:46:08 [INFO] Using shell: /usr/bin/bash
2025-11-21 15:46:08 [INFO] Provided cores: 1 (use --cores to define parallelism)
2025-11-21 15:46:08 [INFO] Rules claiming more threads will be scaled down.
2025-11-21 15:46:08 [INFO] Job stats:
job                                    count
-----------------------------------  -------
all                                        1
data_semi_synthetic_dataset_default        1
methods_welch_ttest_default                1
total                                      3

2025-11-21 15:46:08 [INFO] Select jobs to execute...
2025-11-21 15:46:08 [INFO] Execute 1 jobs...
2025-11-21 15:46:08 [INFO]  Rule: data_semi_synthetic_dataset_default, Jobid: 2
2025-11-21 15:46:08 [INFO] Shell command: None
2025-11-21 15:46:09 [INFO] Activating conda environment: .snakemake/conda/4dc1b11a8b535aba5b2d652479113630_
2025-11-21 15:46:09 [INFO] Activating conda environment: .snakemake/conda/4dc1b11a8b535aba5b2d652479113630_
2025-11-21 15:46:10 [INFO] Finished jobid: 2 (Rule: data_semi_synthetic_dataset_default)
2025-11-21 15:46:10 [INFO] None
2025-11-21 15:46:10 [INFO] Select jobs to execute...
2025-11-21 15:46:10 [INFO] Execute 1 jobs...
2025-11-21 15:46:10 [INFO]  Rule: methods_welch_ttest_default, Jobid: 1
2025-11-21 15:46:10 [INFO] Shell command: None
2025-11-21 15:46:11 [INFO] Activating conda environment: .snakemake/conda/4dc1b11a8b535aba5b2d652479113630_
2025-11-21 15:46:11 [INFO] Activating conda environment: .snakemake/conda/4dc1b11a8b535aba5b2d652479113630_
2025-11-21 15:46:13 [ERROR] RuleException:
CalledProcessError in file "/home/lorenzo/miniforge3/envs/omnibenchmark/lib/python3.12/site-packages/omnibenchmark/workflow/snakemake/rules/rule_node.smk", line 186:
Command 'source /home/lorenzo/miniforge3/bin/activate '/home/lorenzo/project/.snakemake/conda/4dc1b11a8b535aba5b2d652479113630_'; set -euo pipefail;  python /home/lorenzo/project/.snakemake/scripts/tmp_swzpgtb.run_module.py' returned non-zero exit status 1.
2025-11-21 15:46:13 [ERROR] Error in rule methods_welch_ttest_default, jobid: 1
2025-11-21 15:46:13 [INFO] Shutting down, this might take some time.
2025-11-21 15:46:13 [ERROR] Exiting because a job execution failed. Look below for error messages
2025-11-21 15:46:13 [ERROR] Error in rule methods_welch_ttest_default, jobid: 1
2025-11-21 15:46:13 [INFO] Complete log(s): /home/lorenzo/project/.snakemake/log/2025-11-21T154608.014668.snakemake.log
2025-11-21 15:46:13 [ERROR] WorkflowError:
At least one job did not complete successfully.
2025-11-21 15:46:13 [ERROR] Benchmark run has failed.
2025-11-21 15:50:04 [INFO] Assuming unrestricted shared filesystem usage.
2025-11-21 15:50:04 [INFO] None
2025-11-21 15:50:04 [INFO] host: ubuntu-32gb-nbg1-1
2025-11-21 15:50:04 [INFO] Building DAG of jobs...
2025-11-21 15:50:05 [WARNING] Your conda installation is not configured to use strict channel priorities. This is however important for having robust and correct environments (for details, see https://conda-forge.org/docs/user/tipsandtricks.html). Please consider to configure strict priorities by executing 'conda config --set channel_priority strict'.
2025-11-21 15:50:05 [INFO] Using shell: /usr/bin/bash
2025-11-21 15:50:05 [INFO] Provided cores: 1 (use --cores to define parallelism)
2025-11-21 15:50:05 [INFO] Rules claiming more threads will be scaled down.
2025-11-21 15:50:05 [INFO] Job stats:
job                            count
---------------------------  -------
all                                1
methods_welch_ttest_default        1
total                              2

2025-11-21 15:50:05 [INFO] Select jobs to execute...
2025-11-21 15:50:05 [INFO] Execute 1 jobs...
2025-11-21 15:50:05 [INFO]  Rule: methods_welch_ttest_default, Jobid: 1
2025-11-21 15:50:05 [INFO] Shell command: None
2025-11-21 15:50:06 [INFO] Activating conda environment: .snakemake/conda/4dc1b11a8b535aba5b2d652479113630_
2025-11-21 15:50:06 [INFO] Activating conda environment: .snakemake/conda/4dc1b11a8b535aba5b2d652479113630_
2025-11-21 15:50:07 [ERROR] RuleException:
CalledProcessError in file "/home/lorenzo/miniforge3/envs/omnibenchmark/lib/python3.12/site-packages/omnibenchmark/workflow/snakemake/rules/rule_node.smk", line 186:
Command 'source /home/lorenzo/miniforge3/bin/activate '/home/lorenzo/project/.snakemake/conda/4dc1b11a8b535aba5b2d652479113630_'; set -euo pipefail;  python /home/lorenzo/project/.snakemake/scripts/tmp7svn_lrz.run_module.py' returned non-zero exit status 1.
2025-11-21 15:50:07 [ERROR] Error in rule methods_welch_ttest_default, jobid: 1
2025-11-21 15:50:07 [INFO] Shutting down, this might take some time.
2025-11-21 15:50:07 [ERROR] Exiting because a job execution failed. Look below for error messages
2025-11-21 15:50:07 [ERROR] Error in rule methods_welch_ttest_default, jobid: 1
2025-11-21 15:50:07 [INFO] Complete log(s): /home/lorenzo/project/.snakemake/log/2025-11-21T155004.874172.snakemake.log
2025-11-21 15:50:07 [ERROR] WorkflowError:
At least one job did not complete successfully.
2025-11-21 15:50:07 [ERROR] Benchmark run has failed.
2025-11-21 16:03:04 [INFO] Assuming unrestricted shared filesystem usage.
2025-11-21 16:03:04 [INFO] None
2025-11-21 16:03:04 [INFO] host: ubuntu-32gb-nbg1-1
2025-11-21 16:03:04 [INFO] Building DAG of jobs...
2025-11-21 16:03:05 [WARNING] Your conda installation is not configured to use strict channel priorities. This is however important for having robust and correct environments (for details, see https://conda-forge.org/docs/user/tipsandtricks.html). Please consider to configure strict priorities by executing 'conda config --set channel_priority strict'.
2025-11-21 16:03:05 [INFO] Using shell: /usr/bin/bash
2025-11-21 16:03:05 [INFO] Provided cores: 1 (use --cores to define parallelism)
2025-11-21 16:03:05 [INFO] Rules claiming more threads will be scaled down.
2025-11-21 16:03:05 [INFO] Job stats:
job                            count
---------------------------  -------
all                                1
methods_welch_ttest_default        1
total                              2

2025-11-21 16:03:05 [INFO] Select jobs to execute...
2025-11-21 16:03:05 [INFO] Execute 1 jobs...
2025-11-21 16:03:05 [INFO]  Rule: methods_welch_ttest_default, Jobid: 1
2025-11-21 16:03:05 [INFO] Shell command: None
2025-11-21 16:03:05 [INFO] Activating conda environment: .snakemake/conda/4dc1b11a8b535aba5b2d652479113630_
2025-11-21 16:03:05 [INFO] Activating conda environment: .snakemake/conda/4dc1b11a8b535aba5b2d652479113630_
2025-11-21 16:03:06 [ERROR] RuleException:
CalledProcessError in file "/home/lorenzo/miniforge3/envs/omnibenchmark/lib/python3.12/site-packages/omnibenchmark/workflow/snakemake/rules/rule_node.smk", line 186:
Command 'source /home/lorenzo/miniforge3/bin/activate '/home/lorenzo/project/.snakemake/conda/4dc1b11a8b535aba5b2d652479113630_'; set -euo pipefail;  python /home/lorenzo/project/.snakemake/scripts/tmpat1s4ww7.run_module.py' returned non-zero exit status 1.
2025-11-21 16:03:06 [ERROR] Error in rule methods_welch_ttest_default, jobid: 1
2025-11-21 16:03:06 [INFO] Shutting down, this might take some time.
2025-11-21 16:03:06 [ERROR] Exiting because a job execution failed. Look below for error messages
2025-11-21 16:03:06 [ERROR] Error in rule methods_welch_ttest_default, jobid: 1
2025-11-21 16:03:06 [INFO] Complete log(s): /home/lorenzo/project/.snakemake/log/2025-11-21T160304.166375.snakemake.log
2025-11-21 16:03:06 [ERROR] WorkflowError:
At least one job did not complete successfully.
2025-11-21 16:03:06 [ERROR] Benchmark run has failed.
